
> temp-app@1.0.0 build
> npm run validate:rules && npm run validate:reference && tsc -b && vite build


> temp-app@1.0.0 validate:rules
> vitest run src/rules/validation.test.ts


 RUN  v4.1.10 /Users/imwul/Library/Mobile Documents/com~apple~CloudDocs/apawthecaria-apo


 Test Files  1 passed (1)
      Tests  4 passed (4)
   Start at  22:33:12
   Duration  1.11s (transform 800ms, setup 0ms, import 1.01s, tests 12ms, environment 0ms)


> temp-app@1.0.0 validate:reference
> vitest run src/rulebook/referenceRegistry.test.ts


 RUN  v4.1.10 /Users/imwul/Library/Mobile Documents/com~apple~CloudDocs/apawthecaria-apo


 Test Files  1 passed (1)
      Tests  8 passed (8)
   Start at  22:33:14
   Duration  1.37s (transform 766ms, setup 0ms, import 1.15s, tests 103ms, environment 0ms)

vite v8.0.16 building client environment for production...
[2K
transforming...✓ 209 modules transformed.
rendering chunks...
computing gzip size...
dist/index.html                                            0.94 kB │ gzip:   0.56 kB
dist/assets/index-CRWMrTB_.css                           167.23 kB │ gzip:  31.29 kB
dist/assets/rolldown-runtime-D9-fqq9M.js                   0.08 kB │ gzip:   0.08 kB
dist/assets/RulebookSourceContext-B3eGJtCq.js              1.13 kB │ gzip:   0.72 kB
dist/assets/useDialogFocus-B2zsrDng.js                     2.39 kB │ gzip:   1.02 kB
dist/assets/RuleTag-DLDXiJgm.js                            2.73 kB │ gzip:   1.29 kB
dist/assets/index-Df26ou2X.js                              2.87 kB │ gzip:   1.54 kB
dist/assets/RulebookReferenceDrawer-BgXjQGGr.js            3.99 kB │ gzip:   1.69 kB
dist/assets/rulebookPresentation-CKNVgI-V.js               5.29 kB │ gzip:   2.91 kB
dist/assets/AlmanackPanel-BZtWZENi.js                     15.22 kB │ gzip:   5.27 kB
dist/assets/ManualEffectPanel-BsEDLZ7P.js                 16.88 kB │ gzip:   5.55 kB
dist/assets/RulebookSourceText-CToFCuUS.js                42.30 kB │ gzip:  16.01 kB
dist/assets/manualEffectDraftState-DrSMKr4_.js            44.79 kB │ gzip:  13.61 kB
dist/assets/almanackEngine-BRtw9L5g.js                   120.47 kB │ gzip:  37.38 kB
dist/assets/react-vendor-gH__awZJ.js                     189.64 kB │ gzip:  59.65 kB
dist/assets/referenceRegistry-DKpdcTLj.js                314.13 kB │ gzip:  86.95 kB
dist/assets/firebase-DBpmfnwO.js                         372.63 kB │ gzip: 113.46 kB
dist/assets/canonical-data-CKbwYAxn.js                   418.89 kB │ gzip: 139.02 kB
dist/assets/foragingInventoryPresentation-BPRqG0wx.js    553.06 kB │ gzip: 189.84 kB
dist/assets/App-BXksiwvp.js                            2,596.90 kB │ gzip: 666.33 kB

✓ built in 520ms
[plugin builtin:vite-reporter]
(!) Some chunks are larger than 500 kB after minification. Consider:
- Using dynamic import() to code-split the application
- Use build.rolldownOptions.output.codeSplitting to improve chunking: https://rolldown.rs/reference/OutputOptions.codeSplitting
- Adjust chunk size limit for this warning via build.chunkSizeWarningLimit.
