
> temp-app@1.0.0 build
> npm run validate:rules && npm run validate:reference && tsc -b && vite build


> temp-app@1.0.0 validate:rules
> vitest run src/rules/validation.test.ts


 RUN  v4.1.10 /private/tmp/apaw-ux-calibration.BGgeAV


 Test Files  1 passed (1)
      Tests  4 passed (4)
   Start at  18:29:18
   Duration  533ms (transform 312ms, setup 0ms, import 424ms, tests 4ms, environment 0ms)


> temp-app@1.0.0 validate:reference
> vitest run src/rulebook/referenceRegistry.test.ts


 RUN  v4.1.10 /private/tmp/apaw-ux-calibration.BGgeAV


 Test Files  1 passed (1)
      Tests  8 passed (8)
   Start at  18:29:19
   Duration  655ms (transform 322ms, setup 0ms, import 511ms, tests 55ms, environment 0ms)

vite v8.0.16 building client environment for production...
[2Ktransforming...✓ 204 modules transformed.
rendering chunks...
computing gzip size...
dist/index.html                                            0.94 kB │ gzip:   0.56 kB
dist/assets/index-C21PuFeY.css                           144.81 kB │ gzip:  26.86 kB
dist/assets/rolldown-runtime-D9-fqq9M.js                   0.08 kB │ gzip:   0.08 kB
dist/assets/RulebookSourceContext-Bpskda-y.js              1.13 kB │ gzip:   0.73 kB
dist/assets/useDialogFocus-B2zsrDng.js                     2.39 kB │ gzip:   1.02 kB
dist/assets/RuleTag-mqwxOKo2.js                            2.73 kB │ gzip:   1.29 kB
dist/assets/index-BU4ekktB.js                              2.87 kB │ gzip:   1.54 kB
dist/assets/RulebookReferenceDrawer-wYG5_96v.js            3.77 kB │ gzip:   1.58 kB
dist/assets/rulebookPresentation-BITv04tP.js               5.29 kB │ gzip:   2.91 kB
dist/assets/AlmanackPanel-fqa64G1p.js                     15.22 kB │ gzip:   5.27 kB
dist/assets/ManualEffectPanel-C96mA_ic.js                 16.88 kB │ gzip:   5.55 kB
dist/assets/RulebookSourceText-D4L_VspD.js                41.96 kB │ gzip:  15.89 kB
dist/assets/manualEffectDraftState-xCHFiLX_.js            44.79 kB │ gzip:  13.61 kB
dist/assets/almanackEngine-91gbsvdA.js                   120.63 kB │ gzip:  37.41 kB
dist/assets/react-vendor-gH__awZJ.js                     189.64 kB │ gzip:  59.65 kB
dist/assets/referenceRegistry-3-hUzfzj.js                309.42 kB │ gzip:  84.77 kB
dist/assets/firebase-DBpmfnwO.js                         372.63 kB │ gzip: 113.46 kB
dist/assets/canonical-data-BFiX-Rbx.js                   418.89 kB │ gzip: 139.02 kB
dist/assets/foragingInventoryPresentation-BxZ0774k.js    553.06 kB │ gzip: 189.84 kB
dist/assets/App-DWprth9m.js                            2,592.62 kB │ gzip: 664.18 kB

✓ built in 511ms
[plugin builtin:vite-reporter] 
(!) Some chunks are larger than 500 kB after minification. Consider:
- Using dynamic import() to code-split the application
- Use build.rolldownOptions.output.codeSplitting to improve chunking: https://rolldown.rs/reference/OutputOptions.codeSplitting
- Adjust chunk size limit for this warning via build.chunkSizeWarningLimit.
